k-points are in crystal coordinates
nk(3) =     4    4    4
dk(3) =   0.000000000  0.000000000  0.000000000
dq(3) =   0.000000000  0.000000000  0.001000000

direct lattice vectors
a1 =   0.000000000  0.500000000  0.500000000
a2 =   0.500000000  0.000000000  0.500000000
a3 =   0.500000000  0.500000000  0.000000000

unit cell volume =  0.250000000E+00

reciprocal lattice vectors
b1 =  -6.283185307  6.283185307  6.283185307
b2 =   6.283185307 -6.283185307  6.283185307
b3 =   6.283185307  6.283185307 -6.283185307

symmetries of the Bravais lattice
 48
Space group 225, symbol Fm-3m                
r01 =     1   0   0     0   1   0     0   0   1      0.000000    0.000000    0.000000
r02 =     1   0   0     0   1   0    -1  -1  -1      0.000000    0.000000    0.000000
r03 =     0  -1   0    -1   0   0     0   0  -1      0.000000    0.000000    0.000000
r04 =     0  -1   0    -1   0   0     1   1   1      0.000000    0.000000    0.000000
r05 =     1   1   1     0  -1   0     0   0  -1      0.000000    0.000000    0.000000
r06 =     0   1   0    -1  -1  -1     1   0   0      0.000000    0.000000    0.000000
r07 =     1   1   1     0  -1   0    -1   0   0      0.000000    0.000000    0.000000
r08 =     0   1   0    -1  -1  -1     0   0   1      0.000000    0.000000    0.000000
r09 =     0   0  -1     1   1   1    -1   0   0      0.000000    0.000000    0.000000
r10 =     0   0  -1     1   1   1     0  -1   0      0.000000    0.000000    0.000000
r11 =    -1  -1  -1     0   0   1     1   0   0      0.000000    0.000000    0.000000
r12 =    -1  -1  -1     0   0   1     0   1   0      0.000000    0.000000    0.000000
r13 =    -1   0   0     0  -1   0     0   0  -1      0.000000    0.000000    0.000000
r14 =     0   1   0     1   0   0     0   0   1      0.000000    0.000000    0.000000
r15 =    -1   0   0     0  -1   0     1   1   1      0.000000    0.000000    0.000000
r16 =     0   1   0     1   0   0    -1  -1  -1      0.000000    0.000000    0.000000
r17 =    -1  -1  -1     0   1   0     0   0   1      0.000000    0.000000    0.000000
r18 =     0  -1   0     1   1   1    -1   0   0      0.000000    0.000000    0.000000
r19 =    -1  -1  -1     0   1   0     1   0   0      0.000000    0.000000    0.000000
r20 =     0  -1   0     1   1   1     0   0  -1      0.000000    0.000000    0.000000
r21 =     0   0   1    -1  -1  -1     1   0   0      0.000000    0.000000    0.000000
r22 =     1   1   1     0   0  -1    -1   0   0      0.000000    0.000000    0.000000
r23 =     0   0   1    -1  -1  -1     0   1   0      0.000000    0.000000    0.000000
r24 =     1   1   1     0   0  -1     0  -1   0      0.000000    0.000000    0.000000
r25 =     0   0  -1     0  -1   0     1   1   1      0.000000    0.000000    0.000000
r26 =     0   0  -1     0  -1   0    -1   0   0      0.000000    0.000000    0.000000
r27 =     0   1   0     0   0   1     1   0   0      0.000000    0.000000    0.000000
r28 =     0   1   0     0   0   1    -1  -1  -1      0.000000    0.000000    0.000000
r29 =     1   0   0    -1  -1  -1     0   1   0      0.000000    0.000000    0.000000
r30 =     1   1   1    -1   0   0     0   0  -1      0.000000    0.000000    0.000000
r31 =     1   0   0    -1  -1  -1     0   0   1      0.000000    0.000000    0.000000
r32 =     1   1   1    -1   0   0     0  -1   0      0.000000    0.000000    0.000000
r33 =     0   0   1     0   1   0     1   0   0      0.000000    0.000000    0.000000
r34 =     0  -1   0     0   0  -1    -1   0   0      0.000000    0.000000    0.000000
r35 =     0   0   1     0   1   0    -1  -1  -1      0.000000    0.000000    0.000000
r36 =     0  -1   0     0   0  -1     1   1   1      0.000000    0.000000    0.000000
r37 =    -1  -1  -1     1   0   0     0   0   1      0.000000    0.000000    0.000000
r38 =    -1   0   0     1   1   1     0   0  -1      0.000000    0.000000    0.000000
r39 =    -1   0   0     1   1   1     0  -1   0      0.000000    0.000000    0.000000
r40 =    -1  -1  -1     1   0   0     0   1   0      0.000000    0.000000    0.000000
r41 =     0   0  -1    -1   0   0     1   1   1      0.000000    0.000000    0.000000
r42 =     1   0   0     0   0   1     0   1   0      0.000000    0.000000    0.000000
r43 =     1   0   0     0   0   1    -1  -1  -1      0.000000    0.000000    0.000000
r44 =     0   0  -1    -1   0   0     0  -1   0      0.000000    0.000000    0.000000
r45 =     0   0   1     1   0   0    -1  -1  -1      0.000000    0.000000    0.000000
r46 =    -1   0   0     0   0  -1     0  -1   0      0.000000    0.000000    0.000000
r47 =    -1   0   0     0   0  -1     1   1   1      0.000000    0.000000    0.000000
r48 =     0   0   1     1   0   0     0   1   0      0.000000    0.000000    0.000000

symmetries of the crystal without FFT grid
 48
Space group 227, symbol Fd-3m                
r01 =     1   0   0     0   1   0     0   0   1      0.000000    0.000000    0.000000
r02 =     1   0   0     0   1   0    -1  -1  -1      0.000000    0.000000    0.000000
r03 =     0  -1   0    -1   0   0     0   0  -1      1.570796    1.570796    1.570796
r04 =     0  -1   0    -1   0   0     1   1   1      1.570796    1.570796    1.570796
r05 =     1   1   1     0  -1   0     0   0  -1      1.570796    1.570796    1.570796
r06 =     0   1   0    -1  -1  -1     1   0   0      0.000000    0.000000    0.000000
r07 =     1   1   1     0  -1   0    -1   0   0      1.570796    1.570796    1.570796
r08 =     0   1   0    -1  -1  -1     0   0   1      0.000000    0.000000    0.000000
r09 =     0   0  -1     1   1   1    -1   0   0      1.570796    1.570796    1.570796
r10 =     0   0  -1     1   1   1     0  -1   0      1.570796    1.570796    1.570796
r11 =    -1  -1  -1     0   0   1     1   0   0      0.000000    0.000000    0.000000
r12 =    -1  -1  -1     0   0   1     0   1   0      0.000000    0.000000    0.000000
r13 =    -1   0   0     0  -1   0     0   0  -1      1.570796    1.570796    1.570796
r14 =     0   1   0     1   0   0     0   0   1      0.000000    0.000000    0.000000
r15 =    -1   0   0     0  -1   0     1   1   1      1.570796    1.570796    1.570796
r16 =     0   1   0     1   0   0    -1  -1  -1      0.000000    0.000000    0.000000
r17 =    -1  -1  -1     0   1   0     0   0   1      0.000000    0.000000    0.000000
r18 =     0  -1   0     1   1   1    -1   0   0      1.570796    1.570796    1.570796
r19 =    -1  -1  -1     0   1   0     1   0   0      0.000000    0.000000    0.000000
r20 =     0  -1   0     1   1   1     0   0  -1      1.570796    1.570796    1.570796
r21 =     0   0   1    -1  -1  -1     1   0   0      0.000000    0.000000    0.000000
r22 =     1   1   1     0   0  -1    -1   0   0      1.570796    1.570796    1.570796
r23 =     0   0   1    -1  -1  -1     0   1   0      0.000000    0.000000    0.000000
r24 =     1   1   1     0   0  -1     0  -1   0      1.570796    1.570796    1.570796
r25 =     0   0  -1     0  -1   0     1   1   1      1.570796    1.570796    1.570796
r26 =     0   0  -1     0  -1   0    -1   0   0      1.570796    1.570796    1.570796
r27 =     0   1   0     0   0   1     1   0   0      0.000000    0.000000    0.000000
r28 =     0   1   0     0   0   1    -1  -1  -1      0.000000    0.000000    0.000000
r29 =     1   0   0    -1  -1  -1     0   1   0      0.000000    0.000000    0.000000
r30 =     1   1   1    -1   0   0     0   0  -1      1.570796    1.570796    1.570796
r31 =     1   0   0    -1  -1  -1     0   0   1      0.000000    0.000000    0.000000
r32 =     1   1   1    -1   0   0     0  -1   0      1.570796    1.570796    1.570796
r33 =     0   0   1     0   1   0     1   0   0      0.000000    0.000000    0.000000
r34 =     0  -1   0     0   0  -1    -1   0   0      1.570796    1.570796    1.570796
r35 =     0   0   1     0   1   0    -1  -1  -1      0.000000    0.000000    0.000000
r36 =     0  -1   0     0   0  -1     1   1   1      1.570796    1.570796    1.570796
r37 =    -1  -1  -1     1   0   0     0   0   1      0.000000    0.000000    0.000000
r38 =    -1   0   0     1   1   1     0   0  -1      1.570796    1.570796    1.570796
r39 =    -1   0   0     1   1   1     0  -1   0      1.570796    1.570796    1.570796
r40 =    -1  -1  -1     1   0   0     0   1   0      0.000000    0.000000    0.000000
r41 =     0   0  -1    -1   0   0     1   1   1      1.570796    1.570796    1.570796
r42 =     1   0   0     0   0   1     0   1   0      0.000000    0.000000    0.000000
r43 =     1   0   0     0   0   1    -1  -1  -1      0.000000    0.000000    0.000000
r44 =     0   0  -1    -1   0   0     0  -1   0      1.570796    1.570796    1.570796
r45 =     0   0   1     1   0   0    -1  -1  -1      0.000000    0.000000    0.000000
r46 =    -1   0   0     0   0  -1     0  -1   0      1.570796    1.570796    1.570796
r47 =    -1   0   0     0   0  -1     1   1   1      1.570796    1.570796    1.570796
r48 =     0   0   1     1   0   0     0   1   0      0.000000    0.000000    0.000000

symmetries that reduce the k-points
r02 =     1   0   0     0   1   0    -1  -1  -1
r03 =     0  -1   0    -1   0   0     0   0  -1
r04 =     0  -1   0    -1   0   0     1   1   1
r05 =     1   1   1     0  -1   0     0   0  -1
r09 =     0   0  -1     1   1   1    -1   0   0
r10 =     0   0  -1     1   1   1     0  -1   0
r11 =    -1  -1  -1     0   0   1     1   0   0
r12 =    -1  -1  -1     0   0   1     0   1   0
r22 =     1   1   1     0   0  -1    -1   0   0

symmetries of a subgroup of the q-vector
r01 =     1   0   0     0   1   0     0   0   1
r08 =     0   1   0    -1  -1  -1     0   0   1
r14 =     0   1   0     1   0   0     0   0   1
r17 =    -1  -1  -1     0   1   0     0   0   1
r31 =     1   0   0    -1  -1  -1     0   0   1
r37 =    -1  -1  -1     1   0   0     0   0   1

k-points in the original uniform grid
     64
      1  0.000000000  0.000000000  0.000000000   1.0       0  ---
      2  0.000000000  0.000000000  0.250000000   8.0       0  ---
      3  0.000000000  0.000000000  0.500000000   4.0       0  ---
      4  0.000000000  0.000000000  0.750000000   0.0       2  r03
      5  0.000000000  0.250000000  0.000000000   0.0       2  r11
      6  0.000000000  0.250000000  0.250000000   6.0       0  ---
      7  0.000000000  0.250000000  0.500000000  24.0       0  ---
      8  0.000000000  0.250000000  0.750000000  12.0       0  ---
      9  0.000000000  0.500000000  0.000000000   0.0       3  r11
     10  0.000000000  0.500000000  0.250000000   0.0       7  r12
     11  0.000000000  0.500000000  0.500000000   3.0       0  ---
     12  0.000000000  0.500000000  0.750000000   0.0       7  r05
     13  0.000000000  0.750000000  0.000000000   0.0       2  r05
     14  0.000000000  0.750000000  0.250000000   0.0       8  r05
     15  0.000000000  0.750000000  0.500000000   0.0       7  r05
     16  0.000000000  0.750000000  0.750000000   0.0       6  r05
     17  0.250000000  0.000000000  0.000000000   0.0       2  r03
     18  0.250000000  0.000000000  0.250000000   0.0       6  r02
     19  0.250000000  0.000000000  0.500000000   0.0       7  r03
     20  0.250000000  0.000000000  0.750000000   0.0       8  r03
     21  0.250000000  0.250000000  0.000000000   0.0       6  r05
     22  0.250000000  0.250000000  0.250000000   0.0       2  r02
     23  0.250000000  0.250000000  0.500000000   0.0       8  r05
     24  0.250000000  0.250000000  0.750000000   0.0       7  r05
     25  0.250000000  0.500000000  0.000000000   0.0       7  r22
     26  0.250000000  0.500000000  0.250000000   0.0       8  r02
     27  0.250000000  0.500000000  0.500000000   0.0       7  r04
     28  0.250000000  0.500000000  0.750000000   6.0       0  ---
     29  0.250000000  0.750000000  0.000000000   0.0       8  r05
     30  0.250000000  0.750000000  0.250000000   0.0       7  r02
     31  0.250000000  0.750000000  0.500000000   0.0      28  r05
     32  0.250000000  0.750000000  0.750000000   0.0       7  r03
     33  0.500000000  0.000000000  0.000000000   0.0       3  r03
     34  0.500000000  0.000000000  0.250000000   0.0       7  r02
     35  0.500000000  0.000000000  0.500000000   0.0      11  r02
     36  0.500000000  0.000000000  0.750000000   0.0       7  r03
     37  0.500000000  0.250000000  0.000000000   0.0       7  r09
     38  0.500000000  0.250000000  0.250000000   0.0       8  r02
     39  0.500000000  0.250000000  0.500000000   0.0       7  r02
     40  0.500000000  0.250000000  0.750000000   0.0      28  r10
     41  0.500000000  0.500000000  0.000000000   0.0      11  r05
     42  0.500000000  0.500000000  0.250000000   0.0       7  r02
     43  0.500000000  0.500000000  0.500000000   0.0       3  r02
     44  0.500000000  0.500000000  0.750000000   0.0       7  r03
     45  0.500000000  0.750000000  0.000000000   0.0       7  r03
     46  0.500000000  0.750000000  0.250000000   0.0      28  r02
     47  0.500000000  0.750000000  0.500000000   0.0       7  r02
     48  0.500000000  0.750000000  0.750000000   0.0       8  r03
     49  0.750000000  0.000000000  0.000000000   0.0       2  r03
     50  0.750000000  0.000000000  0.250000000   0.0       8  r02
     51  0.750000000  0.000000000  0.500000000   0.0       7  r02
     52  0.750000000  0.000000000  0.750000000   0.0       6  r02
     53  0.750000000  0.250000000  0.000000000   0.0       8  r09
     54  0.750000000  0.250000000  0.250000000   0.0       7  r02
     55  0.750000000  0.250000000  0.500000000   0.0      28  r02
     56  0.750000000  0.250000000  0.750000000   0.0       7  r02
     57  0.750000000  0.500000000  0.000000000   0.0       7  r03
     58  0.750000000  0.500000000  0.250000000   0.0      28  r02
     59  0.750000000  0.500000000  0.500000000   0.0       7  r02
     60  0.750000000  0.500000000  0.750000000   0.0       8  r02
     61  0.750000000  0.750000000  0.000000000   0.0       6  r03
     62  0.750000000  0.750000000  0.250000000   0.0       7  r02
     63  0.750000000  0.750000000  0.500000000   0.0       8  r02
     64  0.750000000  0.750000000  0.750000000   0.0       2  r02

k-points in the irreducible wedge
      8
      1  0.000000000  0.000000000  0.000000000   1.0       1
      2  0.000000000  0.000000000  0.250000000   8.0       2
      3  0.000000000  0.000000000  0.500000000   4.0       3
      4  0.000000000  0.250000000  0.250000000   6.0       6
      5  0.000000000  0.250000000  0.500000000  24.0       7
      6  0.000000000  0.250000000  0.750000000  12.0       8
      7  0.000000000  0.500000000  0.500000000   3.0      11
      8  0.250000000  0.500000000  0.750000000   6.0      28

k-points in the unfolded Brillouin Zone
     64
      1  0.000000000  0.000000000  0.001000000   1.0
      2  0.000000000  0.000000000  0.251000000   1.0
      3  0.000000000  0.000000000  0.501000000   1.0
      4  0.000000000  0.000000000  0.751000000   1.0
      5  0.000000000  0.250000000  0.001000000   1.0
      6  0.000000000  0.250000000  0.251000000   1.0
      7  0.000000000  0.250000000  0.501000000   1.0
      8  0.000000000  0.250000000  0.751000000   1.0
      9  0.000000000  0.500000000  0.001000000   1.0
     10  0.000000000  0.500000000  0.251000000   1.0
     11  0.000000000  0.500000000  0.501000000   1.0
     12  0.000000000  0.500000000  0.751000000   1.0
     13  0.000000000  0.750000000  0.001000000   1.0
     14  0.000000000  0.750000000  0.251000000   1.0
     15  0.000000000  0.750000000  0.501000000   1.0
     16  0.000000000  0.750000000  0.751000000   1.0
     17  0.250000000  0.000000000  0.001000000   1.0
     18  0.250000000  0.000000000  0.251000000   1.0
     19  0.250000000  0.000000000  0.501000000   1.0
     20  0.250000000  0.000000000  0.751000000   1.0
     21  0.250000000  0.250000000  0.001000000   1.0
     22  0.250000000  0.250000000  0.251000000   1.0
     23  0.250000000  0.250000000  0.501000000   1.0
     24  0.250000000  0.250000000  0.751000000   1.0
     25  0.250000000  0.500000000  0.001000000   1.0
     26  0.250000000  0.500000000  0.251000000   1.0
     27  0.250000000  0.500000000  0.501000000   1.0
     28  0.250000000  0.500000000  0.751000000   1.0
     29  0.250000000  0.750000000  0.001000000   1.0
     30  0.250000000  0.750000000  0.251000000   1.0
     31  0.250000000  0.750000000  0.501000000   1.0
     32  0.250000000  0.750000000  0.751000000   1.0
     33  0.500000000  0.000000000  0.001000000   1.0
     34  0.500000000  0.000000000  0.251000000   1.0
     35  0.500000000  0.000000000  0.501000000   1.0
     36  0.500000000  0.000000000  0.751000000   1.0
     37  0.500000000  0.250000000  0.001000000   1.0
     38  0.500000000  0.250000000  0.251000000   1.0
     39  0.500000000  0.250000000  0.501000000   1.0
     40  0.500000000  0.250000000  0.751000000   1.0
     41  0.500000000  0.500000000  0.001000000   1.0
     42  0.500000000  0.500000000  0.251000000   1.0
     43  0.500000000  0.500000000  0.501000000   1.0
     44  0.500000000  0.500000000  0.751000000   1.0
     45  0.500000000  0.750000000  0.001000000   1.0
     46  0.500000000  0.750000000  0.251000000   1.0
     47  0.500000000  0.750000000  0.501000000   1.0
     48  0.500000000  0.750000000  0.751000000   1.0
     49  0.750000000  0.000000000  0.001000000   1.0
     50  0.750000000  0.000000000  0.251000000   1.0
     51  0.750000000  0.000000000  0.501000000   1.0
     52  0.750000000  0.000000000  0.751000000   1.0
     53  0.750000000  0.250000000  0.001000000   1.0
     54  0.750000000  0.250000000  0.251000000   1.0
     55  0.750000000  0.250000000  0.501000000   1.0
     56  0.750000000  0.250000000  0.751000000   1.0
     57  0.750000000  0.500000000  0.001000000   1.0
     58  0.750000000  0.500000000  0.251000000   1.0
     59  0.750000000  0.500000000  0.501000000   1.0
     60  0.750000000  0.500000000  0.751000000   1.0
     61  0.750000000  0.750000000  0.001000000   1.0
     62  0.750000000  0.750000000  0.251000000   1.0
     63  0.750000000  0.750000000  0.501000000   1.0
     64  0.750000000  0.750000000  0.751000000   1.0

k-points folded with the symmetries of a subgroup of the q-vector
     20
      1  0.000000000  0.000000000  0.001000000   1.0
      2  0.000000000  0.000000000  0.251000000   1.0
      3  0.000000000  0.000000000  0.501000000   1.0
      4  0.000000000  0.000000000  0.751000000   1.0
      5  0.000000000  0.250000000  0.251000000   3.0
      6  0.000000000  0.250000000  0.501000000   3.0
      7  0.000000000  0.250000000  0.751000000   3.0
      8  0.000000000  0.500000000  0.501000000   3.0
      9  0.250000000  0.250000000  0.251000000   3.0
     10  0.250000000  0.500000000  0.251000000   6.0
     11  0.250000000  0.500000000  0.501000000   6.0
     12  0.250000000  0.500000000  0.751000000   6.0
     13  0.500000000  0.000000000  0.251000000   3.0
     14  0.500000000  0.000000000  0.751000000   3.0
     15  0.500000000  0.500000000  0.501000000   3.0
     16  0.500000000  0.750000000  0.501000000   6.0
     17  0.750000000  0.000000000  0.251000000   3.0
     18  0.750000000  0.000000000  0.501000000   3.0
     19  0.750000000  0.000000000  0.751000000   3.0
     20  0.750000000  0.750000000  0.751000000   3.0

